     VMA      LMA     Size Align Out     In      Symbol
       0        0 80200000     1 . = 0x80200000
80200000 80200000      878     2 .text
80200000 80200000       10     2         /Users/cle/dev/os_dev/riscv32-nogui-os/target/riscv32imac-unknown-none-elf/release/deps/riscv32_nogui_os-e246f48a1c925745.riscv32_nogui_os.98872cd03fcbe2b6-cgu.0.rcgu.o:(.text.boot)
80200000 80200000        0     1                 $x
80200000 80200000       10     1                 boot
80200010 80200010      126     2         /Users/cle/dev/os_dev/riscv32-nogui-os/target/riscv32imac-unknown-none-elf/release/deps/riscv32_nogui_os-e246f48a1c925745.riscv32_nogui_os.98872cd03fcbe2b6-cgu.0.rcgu.o:(.text._ZN4core3fmt5Write10write_char17h6edb432a61205986E)
80200010 80200010      126     1                 core::fmt::Write::write_char::h6edb432a61205986
80200010 80200010        0     1                 $x
80200136 80200136       16     2         /Users/cle/dev/os_dev/riscv32-nogui-os/target/riscv32imac-unknown-none-elf/release/deps/riscv32_nogui_os-e246f48a1c925745.riscv32_nogui_os.98872cd03fcbe2b6-cgu.0.rcgu.o:(.text._ZN4core3fmt5Write9write_fmt17hb25a5e4e36ea63dbE)
80200136 80200136       16     1                 core::fmt::Write::write_fmt::hb25a5e4e36ea63db
80200136 80200136        0     1                 $x
8020014c 8020014c       84     2         /Users/cle/dev/os_dev/riscv32-nogui-os/target/riscv32imac-unknown-none-elf/release/deps/riscv32_nogui_os-e246f48a1c925745.riscv32_nogui_os.98872cd03fcbe2b6-cgu.0.rcgu.o:(.text._ZN61_$LT$riscv32_nogui_os..Writer$u20$as$u20$core..fmt..Write$GT$9write_str17hac817d35f73ea473E)
8020014c 8020014c       84     1                 _$LT$riscv32_nogui_os..Writer$u20$as$u20$core..fmt..Write$GT$::write_str::hac817d35f73ea473
8020014c 8020014c        0     1                 $x
802001d0 802001d0       10     2         /Users/cle/dev/os_dev/riscv32-nogui-os/target/riscv32imac-unknown-none-elf/release/deps/riscv32_nogui_os-e246f48a1c925745.riscv32_nogui_os.98872cd03fcbe2b6-cgu.0.rcgu.o:(.text.memset)
802001d0 802001d0        0     1                 $x
802001d0 802001d0       10     1                 memset
802001e0 802001e0       7e     2         /Users/cle/dev/os_dev/riscv32-nogui-os/target/riscv32imac-unknown-none-elf/release/deps/riscv32_nogui_os-e246f48a1c925745.riscv32_nogui_os.98872cd03fcbe2b6-cgu.0.rcgu.o:(.text.kernel_main)
802001e0 802001e0        0     1                 $x
802001e0 802001e0       7e     1                 kernel_main
8020025e 8020025e      1b2     2         /Users/cle/.rustup/toolchains/stable-aarch64-apple-darwin/lib/rustlib/riscv32imac-unknown-none-elf/lib/libcore-538d70c020bcf926.rlib(core-538d70c020bcf926.core.a6a8e5724da645c9-cgu.0.rcgu.o):(.text._ZN4core3fmt5write17hf9df490acdd9f7d0E)
8020025e 8020025e        0     1                 .L0 
8020025e 8020025e        0     1                 .L0 
8020025e 8020025e        0     1                 $x
8020025e 8020025e        0     1                 .L0 
8020025e 8020025e      1b2     1                 core::fmt::write::hf9df490acdd9f7d0
80200278 80200278        0     1                 .L0 
80200278 80200278        0     1                 .L0 
8020028c 8020028c        0     1                 .L0 
8020028c 8020028c        0     1                 .L0 
80200292 80200292        0     1                 .L0 
80200292 80200292        0     1                 .L0 
8020029e 8020029e        0     1                 .L0 
8020029e 8020029e        0     1                 .L0 
802002a0 802002a0        0     1                 .L0 
802002a4 802002a4        0     1                 .L0 
802002a4 802002a4        0     1                 .L0 
802002a8 802002a8        0     1                 .L0 
802002b0 802002b0        0     1                 .L0 
802002c6 802002c6        0     1                 .L0 
802002c6 802002c6        0     1                 .L0 
802002cc 802002cc        0     1                 .L0 
802002d0 802002d0        0     1                 .L0 
802002d4 802002d4        0     1                 .L0 
802002e0 802002e0        0     1                 .L0 
802002e0 802002e0        0     1                 .L0 
802002e2 802002e2        0     1                 .L0 
802002e6 802002e6        0     1                 .L0 
802002e8 802002e8        0     1                 .L0 
802002f0 802002f0        0     1                 .L0 
802002f4 802002f4        0     1                 .L0 
802002f8 802002f8        0     1                 .L0 
802002fe 802002fe        0     1                 .L0 
80200302 80200302        0     1                 .L0 
80200302 80200302        0     1                 .L0 
80200306 80200306        0     1                 .L0 
80200306 80200306        0     1                 .L0 
80200308 80200308        0     1                 .L0 
8020030a 8020030a        0     1                 .L0 
8020030a 8020030a        0     1                 .L0 
8020030e 8020030e        0     1                 .L0 
80200316 80200316        0     1                 .L0 
80200316 80200316        0     1                 .L0 
8020031c 8020031c        0     1                 .L0 
8020031c 8020031c        0     1                 .L0 
8020031e 8020031e        0     1                 .L0 
8020031e 8020031e        0     1                 .L0 
80200320 80200320        0     1                 .L0 
80200324 80200324        0     1                 .L0 
8020032c 8020032c        0     1                 .L0 
8020032c 8020032c        0     1                 .L0 
80200330 80200330        0     1                 .L0 
80200330 80200330        0     1                 .L0 
80200334 80200334        0     1                 .L0 
80200334 80200334        0     1                 .L0 
80200338 80200338        0     1                 .L0 
80200338 80200338        0     1                 .L0 
8020033e 8020033e        0     1                 .L0 
8020033e 8020033e        0     1                 .L0 
80200340 80200340        0     1                 .L0 
80200342 80200342        0     1                 .L0 
80200342 80200342        0     1                 .L0 
80200344 80200344        0     1                 .L0 
80200346 80200346        0     1                 .L0 
80200346 80200346        0     1                 .L0 
80200348 80200348        0     1                 .L0 
80200348 80200348        0     1                 .L0 
8020034a 8020034a        0     1                 .L0 
8020034c 8020034c        0     1                 .L0 
8020034c 8020034c        0     1                 .L0 
80200352 80200352        0     1                 .L0 
80200356 80200356        0     1                 .L0 
8020035e 8020035e        0     1                 .L0 
8020035e 8020035e        0     1                 .L0 
80200364 80200364        0     1                 .L0 
80200364 80200364        0     1                 .L0 
80200366 80200366        0     1                 .L0 
80200366 80200366        0     1                 .L0 
80200374 80200374        0     1                 .L0 
80200374 80200374        0     1                 .L0 
80200378 80200378        0     1                 .L0 
80200378 80200378        0     1                 .L0 
8020037a 8020037a        0     1                 .L0 
80200388 80200388        0     1                 .L0 
80200394 80200394        0     1                 .L0 
80200394 80200394        0     1                 .L0 
8020039a 8020039a        0     1                 .L0 
8020039e 8020039e        0     1                 .L0 
802003a2 802003a2        0     1                 .L0 
802003ac 802003ac        0     1                 .L0 
802003b0 802003b0        0     1                 .L0 
802003b0 802003b0        0     1                 .L0 
802003b6 802003b6        0     1                 .L0 
802003b8 802003b8        0     1                 .L0 
802003b8 802003b8        0     1                 .L0 
802003bc 802003bc        0     1                 .L0 
802003c0 802003c0        0     1                 .L0 
802003c0 802003c0        0     1                 .L0 
802003c4 802003c4        0     1                 .L0 
802003ca 802003ca        0     1                 .L0 
802003cc 802003cc        0     1                 .L0 
802003d0 802003d0        0     1                 .L0 
802003d4 802003d4        0     1                 .L0 
802003d4 802003d4        0     1                 .L0 
802003dc 802003dc        0     1                 .L0 
802003e4 802003e4        0     1                 .L0 
802003ec 802003ec        0     1                 .L0 
802003f2 802003f2        0     1                 .L0 
802003f4 802003f4        0     1                 .L0 
802003f6 802003f6        0     1                 .L0 
8020040c 8020040c        0     1                 .L0 
80200410 80200410        0     1                 .L0 
80200410 80200410        0     1                 .L0 
80200410 80200410        0     1                 .L0 
80200410 80200410      220     2         /Users/cle/.rustup/toolchains/stable-aarch64-apple-darwin/lib/rustlib/riscv32imac-unknown-none-elf/lib/libcore-538d70c020bcf926.rlib(core-538d70c020bcf926.core.a6a8e5724da645c9-cgu.0.rcgu.o):(.text._ZN4core3fmt9Formatter12pad_integral17h961ebe48c8a6fe5dE)
80200410 80200410        0     1                 .L0 
80200410 80200410        0     1                 .L0 
80200410 80200410        0     1                 $x
80200410 80200410        0     1                 .L0 
80200410 80200410      220     1                 core::fmt::Formatter::pad_integral::h961ebe48c8a6fe5d
80200436 80200436        0     1                 .L0 
80200438 80200438        0     1                 .L0 
80200438 80200438        0     1                 .L0 
80200442 80200442        0     1                 .L0 
80200446 80200446        0     1                 .L0 
8020044a 8020044a        0     1                 .L0 
8020044c 8020044c        0     1                 .L0 
8020044c 8020044c        0     1                 .L0 
80200450 80200450        0     1                 .L0 
80200450 80200450        0     1                 .L0 
80200452 80200452        0     1                 .L0 
80200454 80200454        0     1                 .L0 
80200454 80200454        0     1                 .L0 
80200458 80200458        0     1                 .L0 
8020045a 8020045a        0     1                 .L0 
8020045a 8020045a        0     1                 .L0 
8020045e 8020045e        0     1                 .L0 
80200464 80200464        0     1                 .L0 
80200468 80200468        0     1                 .L0 
80200468 80200468        0     1                 .L0 
80200470 80200470        0     1                 .L0 
80200470 80200470        0     1                 .L0 
80200472 80200472        0     1                 .L0 
80200472 80200472        0     1                 .L0 
80200474 80200474        0     1                 .L0 
80200474 80200474        0     1                 .L0 
80200478 80200478        0     1                 .L0 
80200478 80200478        0     1                 .L0 
8020047a 8020047a        0     1                 .L0 
8020047c 8020047c        0     1                 .L0 
80200480 80200480        0     1                 .L0 
80200480 80200480        0     1                 .L0 
80200482 80200482        0     1                 .L0 
80200482 80200482        0     1                 .L0 
8020048a 8020048a        0     1                 .L0 
8020048a 8020048a        0     1                 .L0 
8020048e 8020048e        0     1                 .L0 
8020048e 8020048e        0     1                 .L0 
80200490 80200490        0     1                 .L0 
80200492 80200492        0     1                 .L0 
80200494 80200494        0     1                 .L0 
80200498 80200498        0     1                 .L0 
8020049a 8020049a        0     1                 .L0 
8020049a 8020049a        0     1                 .L0 
802004aa 802004aa        0     1                 .L0 
802004aa 802004aa        0     1                 .L0 
802004ac 802004ac        0     1                 .L0 
802004b0 802004b0        0     1                 .L0 
802004b2 802004b2        0     1                 .L0 
802004b6 802004b6        0     1                 .L0 
802004ba 802004ba        0     1                 .L0 
802004ba 802004ba        0     1                 .L0 
802004be 802004be        0     1                 .L0 
802004be 802004be        0     1                 .L0 
802004c4 802004c4        0     1                 .L0 
802004c4 802004c4        0     1                 .L0 
802004c8 802004c8        0     1                 .L0 
802004ca 802004ca        0     1                 .L0 
802004ce 802004ce        0     1                 .L0 
802004ce 802004ce        0     1                 .L0 
802004d0 802004d0        0     1                 .L0 
802004d2 802004d2        0     1                 .L0 
802004d6 802004d6        0     1                 .L0 
802004da 802004da        0     1                 .L0 
802004dc 802004dc        0     1                 .L0 
802004dc 802004dc        0     1                 .L0 
80200520 80200520        0     1                 .L0 
80200520 80200520        0     1                 .L0 
80200526 80200526        0     1                 .L0 
80200526 80200526        0     1                 .L0 
8020052e 8020052e        0     1                 .L0 
8020052e 8020052e        0     1                 .L0 
80200536 80200536        0     1                 .L0 
80200536 80200536        0     1                 .L0 
8020053c 8020053c        0     1                 .L0 
8020053c 8020053c        0     1                 .L0 
80200540 80200540        0     1                 .L0 
80200540 80200540        0     1                 .L0 
80200554 80200554        0     1                 .L0 
80200556 80200556        0     1                 .L0 
80200556 80200556        0     1                 .L0 
8020055c 8020055c        0     1                 .L0 
8020055c 8020055c        0     1                 .L0 
8020055e 8020055e        0     1                 .L0 
80200560 80200560        0     1                 .L0 
80200560 80200560        0     1                 .L0 
8020056c 8020056c        0     1                 .L0 
8020056c 8020056c        0     1                 .L0 
80200570 80200570        0     1                 .L0 
80200570 80200570        0     1                 .L0 
80200574 80200574        0     1                 .L0 
8020057a 8020057a        0     1                 .L0 
80200586 80200586        0     1                 .L0 
8020058a 8020058a        0     1                 .L0 
8020058a 8020058a        0     1                 .L0 
8020058c 8020058c        0     1                 .L0 
8020058e 8020058e        0     1                 .L0 
8020058e 8020058e        0     1                 .L0 
80200598 80200598        0     1                 .L0 
80200598 80200598        0     1                 .L0 
8020059a 8020059a        0     1                 .L0 
8020059a 8020059a        0     1                 .L0 
802005b6 802005b6        0     1                 .L0 
802005ba 802005ba        0     1                 .L0 
802005d2 802005d2        0     1                 .L0 
802005e4 802005e4        0     1                 .L0 
802005e4 802005e4        0     1                 .L0 
802005ec 802005ec        0     1                 .L0 
802005ec 802005ec        0     1                 .L0 
802005f0 802005f0        0     1                 .L0 
802005f0 802005f0        0     1                 .L0 
802005f4 802005f4        0     1                 .L0 
802005f4 802005f4        0     1                 .L0 
802005fe 802005fe        0     1                 .L0 
802005fe 802005fe        0     1                 .L0 
80200602 80200602        0     1                 .L0 
80200602 80200602        0     1                 .L0 
80200606 80200606        0     1                 .L0 
80200606 80200606        0     1                 .L0 
80200608 80200608        0     1                 .L0 
8020061a 8020061a        0     1                 .L0 
8020061c 8020061c        0     1                 .L0 
80200624 80200624        0     1                 .L0 
8020062a 8020062a        0     1                 .L0 
8020062a 8020062a        0     1                 .L0 
8020062e 8020062e        0     1                 .L0 
8020062e 8020062e        0     1                 .L0 
80200630 80200630        0     1                 .L0 
80200630 80200630        0     1                 .L0 
80200630 80200630        0     1                 .L0 
80200630 80200630       60     2         /Users/cle/.rustup/toolchains/stable-aarch64-apple-darwin/lib/rustlib/riscv32imac-unknown-none-elf/lib/libcore-538d70c020bcf926.rlib(core-538d70c020bcf926.core.a6a8e5724da645c9-cgu.0.rcgu.o):(.text._ZN4core3fmt9Formatter12pad_integral12write_prefix17hba89d3e49d8e9d70E)
80200630 80200630       60     1                 core::fmt::Formatter::pad_integral::write_prefix::hba89d3e49d8e9d70
80200630 80200630        0     1                 .L0 
80200630 80200630        0     1                 .L0 
80200630 80200630        0     1                 $x
80200630 80200630        0     1                 .L0 
8020064a 8020064a        0     1                 .L0 
8020064e 8020064e        0     1                 .L0 
8020065e 8020065e        0     1                 .L0 
8020065e 8020065e        0     1                 .L0 
80200660 80200660        0     1                 .L0 
80200660 80200660        0     1                 .L0 
80200664 80200664        0     1                 .L0 
80200678 80200678        0     1                 .L0 
8020067c 8020067c        0     1                 .L0 
8020067e 8020067e        0     1                 .L0 
8020068c 8020068c        0     1                 .L0 
80200690 80200690        0     1                 .L0 
80200690 80200690        0     1                 .L0 
80200690 80200690        0     1                 .L0 
80200690 80200690      18e     2         /Users/cle/.rustup/toolchains/stable-aarch64-apple-darwin/lib/rustlib/riscv32imac-unknown-none-elf/lib/libcore-538d70c020bcf926.rlib(core-538d70c020bcf926.core.a6a8e5724da645c9-cgu.0.rcgu.o):(.text._ZN4core3str5count14do_count_chars17h6dabddc91e64240eE)
80200690 80200690        0     1                 .L0 
80200690 80200690        0     1                 .L0 
80200690 80200690        0     1                 $x
80200690 80200690        0     1                 .L0 
80200690 80200690      18e     1                 core::str::count::do_count_chars::h6dabddc91e64240e
8020069a 8020069a        0     1                 .L0 
8020069a 8020069a        0     1                 .L0 
8020069e 8020069e        0     1                 .L0 
802006a2 802006a2        0     1                 .L0 
802006a6 802006a6        0     1                 .L0 
802006a6 802006a6        0     1                 .L0 
802006a8 802006a8        0     1                 .L0 
802006a8 802006a8        0     1                 .L0 
802006aa 802006aa        0     1                 .L0 
802006ac 802006ac        0     1                 .L0 
802006b0 802006b0        0     1                 .L0 
802006b0 802006b0        0     1                 .L0 
802006b8 802006b8        0     1                 .L0 
802006b8 802006b8        0     1                 .L0 
802006ba 802006ba        0     1                 .L0 
802006ba 802006ba        0     1                 .L0 
802006bc 802006bc        0     1                 .L0 
802006bc 802006bc        0     1                 .L0 
802006c0 802006c0        0     1                 .L0 
802006c0 802006c0        0     1                 .L0 
802006c4 802006c4        0     1                 .L0 
802006c8 802006c8        0     1                 .L0 
802006c8 802006c8        0     1                 .L0 
802006cc 802006cc        0     1                 .L0 
802006cc 802006cc        0     1                 .L0 
802006d0 802006d0        0     1                 .L0 
802006d0 802006d0        0     1                 .L0 
802006d4 802006d4        0     1                 .L0 
802006da 802006da        0     1                 .L0 
802006da 802006da        0     1                 .L0 
802006de 802006de        0     1                 .L0 
802006e0 802006e0        0     1                 .L0 
802006e2 802006e2        0     1                 .L0 
802006e4 802006e4        0     1                 .L0 
802006e8 802006e8        0     1                 .L0 
802006e8 802006e8        0     1                 .L0 
802006f0 802006f0        0     1                 .L0 
802006f0 802006f0        0     1                 .L0 
802006f2 802006f2        0     1                 .L0 
802006f2 802006f2        0     1                 .L0 
802006f4 802006f4        0     1                 .L0 
802006f4 802006f4        0     1                 .L0 
802006f8 802006f8        0     1                 .L0 
802006f8 802006f8        0     1                 .L0 
802006fa 802006fa        0     1                 .L0 
802006fa 802006fa        0     1                 .L0 
802006fc 802006fc        0     1                 .L0 
80200702 80200702        0     1                 .L0 
80200706 80200706        0     1                 .L0 
80200706 80200706        0     1                 .L0 
8020070e 8020070e        0     1                 .L0 
8020070e 8020070e        0     1                 .L0 
80200710 80200710        0     1                 .L0 
80200716 80200716        0     1                 .L0 
80200716 80200716        0     1                 .L0 
80200726 80200726        0     1                 .L0 
8020072c 8020072c        0     1                 .L0 
80200738 80200738        0     1                 .L0 
80200738 80200738        0     1                 .L0 
8020073c 8020073c        0     1                 .L0 
8020073e 8020073e        0     1                 .L0 
80200742 80200742        0     1                 .L0 
80200744 80200744        0     1                 .L0 
80200744 80200744        0     1                 .L0 
8020074a 8020074a        0     1                 .L0 
8020074c 8020074c        0     1                 .L0 
80200750 80200750        0     1                 .L0 
80200766 80200766        0     1                 .L0 
80200766 80200766        0     1                 .L0 
80200770 80200770        0     1                 .L0 
80200770 80200770        0     1                 .L0 
8020077a 8020077a        0     1                 .L0 
8020077c 8020077c        0     1                 .L0 
8020077c 8020077c        0     1                 .L0 
80200780 80200780        0     1                 .L0 
80200782 80200782        0     1                 .L0 
80200784 80200784        0     1                 .L0 
80200784 80200784        0     1                 .L0 
80200786 80200786        0     1                 .L0 
80200786 80200786        0     1                 .L0 
8020078c 8020078c        0     1                 .L0 
8020078c 8020078c        0     1                 .L0 
8020078e 8020078e        0     1                 .L0 
8020078e 8020078e        0     1                 .L0 
80200792 80200792        0     1                 .L0 
80200794 80200794        0     1                 .L0 
80200794 80200794        0     1                 .L0 
80200796 80200796        0     1                 .L0 
80200796 80200796        0     1                 .L0 
80200798 80200798        0     1                 .L0 
8020079e 8020079e        0     1                 .L0 
802007a2 802007a2        0     1                 .L0 
802007a4 802007a4        0     1                 .L0 
802007a6 802007a6        0     1                 .L0 
802007a8 802007a8        0     1                 .L0 
802007a8 802007a8        0     1                 .L0 
802007aa 802007aa        0     1                 .L0 
802007aa 802007aa        0     1                 .L0 
802007ae 802007ae        0     1                 .L0 
802007ae 802007ae        0     1                 .L0 
802007b2 802007b2        0     1                 .L0 
802007b2 802007b2        0     1                 .L0 
802007b6 802007b6        0     1                 .L0 
802007b8 802007b8        0     1                 .L0 
802007ba 802007ba        0     1                 .L0 
802007c0 802007c0        0     1                 .L0 
802007c0 802007c0        0     1                 .L0 
802007c2 802007c2        0     1                 .L0 
802007ca 802007ca        0     1                 .L0 
802007d4 802007d4        0     1                 .L0 
802007d4 802007d4        0     1                 .L0 
802007e6 802007e6        0     1                 .L0 
802007e6 802007e6        0     1                 .L0 
802007ea 802007ea        0     1                 .L0 
802007ea 802007ea        0     1                 .L0 
802007ec 802007ec        0     1                 .L0 
802007ec 802007ec        0     1                 .L0 
802007f0 802007f0        0     1                 .L0 
802007f2 802007f2        0     1                 .L0 
802007f4 802007f4        0     1                 .L0 
802007fa 802007fa        0     1                 .L0 
802007fa 802007fa        0     1                 .L0 
802007fc 802007fc        0     1                 .L0 
802007fc 802007fc        0     1                 .L0 
80200800 80200800        0     1                 .L0 
80200800 80200800        0     1                 .L0 
80200804 80200804        0     1                 .L0 
80200806 80200806        0     1                 .L0 
8020080a 8020080a        0     1                 .L0 
8020080c 8020080c        0     1                 .L0 
8020080c 8020080c        0     1                 .L0 
80200812 80200812        0     1                 .L0 
80200814 80200814        0     1                 .L0 
8020081a 8020081a        0     1                 .L0 
8020081e 8020081e        0     1                 .L0 
8020081e 8020081e        0     1                 .L0 
8020081e 8020081e        0     1                 .L0 
8020081e 8020081e       5a     2         /Users/cle/.rustup/toolchains/stable-aarch64-apple-darwin/lib/rustlib/riscv32imac-unknown-none-elf/lib/libcore-538d70c020bcf926.rlib(core-538d70c020bcf926.core.a6a8e5724da645c9-cgu.0.rcgu.o):(.text._ZN4core3fmt3num53_$LT$impl$u20$core..fmt..UpperHex$u20$for$u20$i32$GT$3fmt17h9724f828c3035582E)
8020081e 8020081e        0     1                 .L0 
8020081e 8020081e        0     1                 .L0 
8020081e 8020081e        0     1                 $x
8020081e 8020081e        0     1                 .L0 
8020081e 8020081e       5a     1                 core::fmt::num::_$LT$impl$u20$core..fmt..UpperHex$u20$for$u20$i32$GT$::fmt::h9724f828c3035582
8020081e 8020081e       5a     1                 core::fmt::num::_$LT$impl$u20$core..fmt..UpperHex$u20$for$u20$usize$GT$::fmt::ha400b6042f5c6858
8020081e 8020081e       5a     1                 core::fmt::num::_$LT$impl$u20$core..fmt..UpperHex$u20$for$u20$isize$GT$::fmt::h99324cb2d9adb20f
8020081e 8020081e       5a     1                 core::fmt::num::_$LT$impl$u20$core..fmt..UpperHex$u20$for$u20$u32$GT$::fmt::h398fee85b676a09e
80200826 80200826        0     1                 .L0 
8020082c 8020082c        0     1                 .L0 
8020082c 8020082c        0     1                 .L0 
80200834 80200834        0     1                 .L0 
8020083a 8020083a        0     1                 .L0 
8020083a 8020083a        0     1                 .L0 
8020083e 8020083e        0     1                 .L0 
80200844 80200844        0     1                 .L0 
80200844 80200844        0     1                 .L0 
80200848 80200848        0     1                 .L0 
80200848 80200848        0     1                 .L0 
80200852 80200852        0     1                 .L0 
80200852 80200852        0     1                 .L0 
80200856 80200856        0     1                 .L0 
80200874 80200874        0     1                 .L0 
80200874 80200874        0     1                 .L0 
80200878 80200878        0     1                 .L0 
80200878 80200878        0     1                 .L0 
80200878 80200878        0     1                 .L0 
80200878 80200878       42     4 .rodata
80200878 80200878       18     4         /Users/cle/dev/os_dev/riscv32-nogui-os/target/riscv32imac-unknown-none-elf/release/deps/riscv32_nogui_os-e246f48a1c925745.riscv32_nogui_os.98872cd03fcbe2b6-cgu.0.rcgu.o:(.rodata..Lanon.28146456e6f73d432009d09ab602e40f.0)
80200878 80200878       18     1                 .Lanon.28146456e6f73d432009d09ab602e40f.0
80200878 80200878        0     1                 $d
80200890 80200890        1     1         /Users/cle/dev/os_dev/riscv32-nogui-os/target/riscv32imac-unknown-none-elf/release/deps/riscv32_nogui_os-e246f48a1c925745.riscv32_nogui_os.98872cd03fcbe2b6-cgu.0.rcgu.o:(.rodata..Lanon.28146456e6f73d432009d09ab602e40f.2)
80200890 80200890        1     1                 .Lanon.28146456e6f73d432009d09ab602e40f.2
80200890 80200890        0     1                 $d
80200894 80200894        4     4         <internal>:(.rodata.cst4)
80200898 80200898        d     1         /Users/cle/dev/os_dev/riscv32-nogui-os/target/riscv32imac-unknown-none-elf/release/deps/riscv32_nogui_os-e246f48a1c925745.riscv32_nogui_os.98872cd03fcbe2b6-cgu.0.rcgu.o:(.rodata..Lanon.28146456e6f73d432009d09ab602e40f.5)
80200898 80200898        d     1                 .Lanon.28146456e6f73d432009d09ab602e40f.5
80200898 80200898        0     1                 $d
802008a8 802008a8       10     4         /Users/cle/dev/os_dev/riscv32-nogui-os/target/riscv32imac-unknown-none-elf/release/deps/riscv32_nogui_os-e246f48a1c925745.riscv32_nogui_os.98872cd03fcbe2b6-cgu.0.rcgu.o:(.rodata..Lanon.28146456e6f73d432009d09ab602e40f.6)
802008a8 802008a8       10     1                 .Lanon.28146456e6f73d432009d09ab602e40f.6
802008a8 802008a8        0     1                 $d
802008b8 802008b8        2     1         /Users/cle/.rustup/toolchains/stable-aarch64-apple-darwin/lib/rustlib/riscv32imac-unknown-none-elf/lib/libcore-538d70c020bcf926.rlib(core-538d70c020bcf926.core.a6a8e5724da645c9-cgu.0.rcgu.o):(.rodata..Lanon.3bc0b45c453294b9bbe4425dc25eb6d0.294)
802008b8 802008b8        2     1                 .Lanon.3bc0b45c453294b9bbe4425dc25eb6d0.294
802008b8 802008b8        0     1                 $d
802008bc 802008bc        0     4 .bss
802008bc 802008bc        0     1         __bss = .
802008bc 802008bc        0     1         __bss_end = .
802008bc 802008bc        0     1 . = ALIGN ( 4 )
802008bc 802008bc    20000     1 . += 128 * 1024
802208bc 802208bc        0     1 __stack_top = .
       0        0       99     1 .comment
       0        0       99     1         <internal>:(.comment)
       0        0       34     1 .riscv.attributes
       0        0       34     1         <internal>:(.riscv.attributes)
       0        0     ab30     4 .symtab
       0        0     ab30     4         <internal>:(.symtab)
       0        0       49     1 .shstrtab
       0        0       49     1         <internal>:(.shstrtab)
       0        0     3dc1     1 .strtab
       0        0     3dc1     1         <internal>:(.strtab)
